// Jest Snapshot v1, https://goo.gl/fbAQLP

exports[`should render a Login form 1`] = `
Object {
  "asFragment": [Function],
  "baseElement": <body>
    <div>
      <form
        class="form"
      >
        <div
          class="control"
        >
          <label
            class="label"
            for="email"
          >
            Email
          </label>
          <input
            id="email"
            type="email"
            value="test@example.com"
          />
        </div>
        <div
          class="control"
        >
          <label
            class="label"
            for="password"
          >
            Password
          </label>
          <input
            id="password"
            type="password"
            value="test1234"
          />
        </div>
        <button>
          Submit
        </button>
      </form>
    </div>
  </body>,
  "container": <div>
    <form
      class="form"
    >
      <div
        class="control"
      >
        <label
          class="label"
          for="email"
        >
          Email
        </label>
        <input
          id="email"
          type="email"
          value="test@example.com"
        />
      </div>
      <div
        class="control"
      >
        <label
          class="label"
          for="password"
        >
          Password
        </label>
        <input
          id="password"
          type="password"
          value="test1234"
        />
      </div>
      <button>
        Submit
      </button>
    </form>
  </div>,
  "debug": [Function],
  "findAllByAltText": [Function],
  "findAllByDisplayValue": [Function],
  "findAllByLabelText": [Function],
  "findAllByPlaceholderText": [Function],
  "findAllByRole": [Function],
  "findAllByTestId": [Function],
  "findAllByText": [Function],
  "findAllByTitle": [Function],
  "findByAltText": [Function],
  "findByDisplayValue": [Function],
  "findByLabelText": [Function],
  "findByPlaceholderText": [Function],
  "findByRole": [Function],
  "findByTestId": [Function],
  "findByText": [Function],
  "findByTitle": [Function],
  "getAllByAltText": [Function],
  "getAllByDisplayValue": [Function],
  "getAllByLabelText": [Function],
  "getAllByPlaceholderText": [Function],
  "getAllByRole": [Function],
  "getAllByTestId": [Function],
  "getAllByText": [Function],
  "getAllByTitle": [Function],
  "getByAltText": [Function],
  "getByDisplayValue": [Function],
  "getByLabelText": [Function],
  "getByPlaceholderText": [Function],
  "getByRole": [Function],
  "getByTestId": [Function],
  "getByText": [Function],
  "getByTitle": [Function],
  "queryAllByAltText": [Function],
  "queryAllByDisplayValue": [Function],
  "queryAllByLabelText": [Function],
  "queryAllByPlaceholderText": [Function],
  "queryAllByRole": [Function],
  "queryAllByTestId": [Function],
  "queryAllByText": [Function],
  "queryAllByTitle": [Function],
  "queryByAltText": [Function],
  "queryByDisplayValue": [Function],
  "queryByLabelText": [Function],
  "queryByPlaceholderText": [Function],
  "queryByRole": [Function],
  "queryByTestId": [Function],
  "queryByText": [Function],
  "queryByTitle": [Function],
  "rerender": [Function],
  "unmount": [Function],
}
`;
